[2026-02-20 01:29:13.076030800 -05:00] Public subs not fully confirmed after 5 polls (ohlc: true, ticker: false)
[2026-02-20 01:36:58.284452900 -05:00] Invalid OHLC for SHIBUSD: open=0, high=0, low=0, close=0, vol=7673861
[2026-02-20 01:39:22.109247900 -05:00] Invalid OHLC for SHIBUSD: open=0, high=0, low=0, close=0, vol=339398.33475
[2026-02-20 01:40:37.679770300 -05:00] Invalid OHLC for SHIBUSD: open=0, high=0, low=0, close=0, vol=168980.60551
[2026-02-20 01:42:34.560453400 -05:00] Invalid OHLC for SHIBUSD: open=0, high=0, low=0, close=0, vol=17500000
[2026-02-20 01:43:18.514524800 -05:00] Invalid OHLC for SHIBUSD: open=0, high=0, low=0, close=0, vol=2193875
[2026-02-20 01:46:42.980637 -05:00] Invalid OHLC for SHIBUSD: open=0, high=0, low=0, close=0, vol=11063897.76358
[2026-02-20 01:51:49.389757700 -05:00] Invalid OHLC for SHIBUSD: open=0, high=0, low=0, close=0, vol=765461.78343
[2026-02-20 01:55:53.693055 -05:00] Invalid OHLC for SHIBUSD: open=0, high=0, low=0, close=0, vol=582101.91082
[2026-02-20 02:04:30.887584100 -05:00] Invalid OHLC for SHIBUSD: open=0, high=0, low=0, close=0, vol=898083
[2026-02-20 02:05:56.075339400 -05:00] Invalid OHLC for SHIBUSD: open=0, high=0, low=0, close=0, vol=10329945
[2m2026-02-20 02:08:38 -05:00[0m [31mERROR[0m [2mtrading_bot_rs::websocket[0m[2m:[0m [2msrc\websocket.rs[0m[2m:[0m Private WS error: IO error: An existing connection was forcibly closed by the remote host. (os error 10054)
[2026-02-20 02:09:44.657926900 -05:00] Invalid OHLC for SHIBUSD: open=0, high=0, low=0, close=0, vol=6493506.4935
[2026-02-20 02:14:12.665891900 -05:00] Invalid OHLC for SHIBUSD: open=0, high=0, low=0, close=0, vol=818188.30065
[2026-02-20 02:20:48.013442500 -05:00] Invalid OHLC for SHIBUSD: open=0, high=0, low=0, close=0, vol=342484.07643
[2026-02-20 02:21:57.663989300 -05:00] Invalid OHLC for SHIBUSD: open=0, high=0, low=0, close=0, vol=239037.89338
[2026-02-20 02:22:18.846412400 -05:00] Invalid OHLC for SHIBUSD: open=0, high=0, low=0, close=0, vol=164673
[2026-02-20 02:24:25.308177300 -05:00] Invalid OHLC for SHIBUSD: open=0, high=0, low=0, close=0, vol=10648173
[2026-02-20 02:29:28.624085600 -05:00] Invalid OHLC for SHIBUSD: open=0, high=0, low=0, close=0, vol=14776874.00318
[2026-02-20 02:32:08.475368900 -05:00] Invalid OHLC for SHIBUSD: open=0, high=0, low=0, close=0, vol=333235.16989
[2026-02-20 02:39:18.864574200 -05:00] Invalid OHLC for SHIBUSD: open=0, high=0, low=0, close=0, vol=50000000
[2026-02-20 02:40:10.429813200 -05:00] Invalid OHLC for SHIBUSD: open=0, high=0, low=0, close=0, vol=3913814
[2026-02-20 02:41:01.907456 -05:00] Invalid OHLC for SHIBUSD: open=0, high=0, low=0, close=0, vol=4426517.57188
[2026-02-20 02:44:03.579546400 -05:00] Invalid OHLC for SHIBUSD: open=0, high=0, low=0, close=0, vol=19958581
[2026-02-20 02:47:15.304949300 -05:00] Invalid OHLC for SHIBUSD: open=0, high=0, low=0, close=0, vol=8000000
[2026-02-20 02:47:57.664830100 -05:00] Invalid OHLC for SHIBUSD: open=0, high=0, low=0, close=0, vol=16000000
[2026-02-20 02:50:39.670836600 -05:00] Invalid OHLC for SHIBUSD: open=0, high=0, low=0, close=0, vol=2046178.34395
[2026-02-20 02:54:46.695945300 -05:00] Invalid OHLC for SHIBUSD: open=0, high=0, low=0, close=0, vol=406678
[2026-02-20 02:56:20.360405500 -05:00] Invalid OHLC for SHIBUSD: open=0, high=0, low=0, close=0, vol=3993610.22364
[2026-02-20 02:59:57.474199 -05:00] Invalid OHLC for SHIBUSD: open=0, high=0, low=0, close=0, vol=4163339
[2026-02-20 03:01:09.429980100 -05:00] Invalid OHLC for SHIBUSD: open=0, high=0, low=0, close=0, vol=813704.47284
[2026-02-20 03:02:28.617151600 -05:00] Invalid OHLC for SHIBUSD: open=0, high=0, low=0, close=0, vol=306876228.71398
[2026-02-20 03:02:28.726272900 -05:00] Invalid OHLC for SHIBUSD: open=0, high=0, low=0, close=0, vol=481413236.56639
[2m2026-02-20 03:03:32 -05:00[0m [31mERROR[0m [2mtrading_bot_rs::monitor[0m[2m:[0m [2msrc\monitor.rs[0m[2m:[0m Failed to update remaining quantities after sell order OICR5E-JEXZ7-OOZKHK for INJUSD: Trade TUMPBK-ECITH-ORY74T not found for INJUSD
[2026-02-20 03:04:43.948039 -05:00] Invalid OHLC for SHIBUSD: open=0, high=0, low=0, close=0, vol=20925278.2194
[2026-02-20 03:05:32.126123400 -05:00] Invalid OHLC for SHIBUSD: open=0, high=0, low=0, close=0, vol=3771459
[2026-02-20 03:06:25.457796100 -05:00] Invalid OHLC for SHIBUSD: open=0, high=0, low=0, close=0, vol=28500000
[2026-02-20 03:06:25.541121100 -05:00] Invalid OHLC for SHIBUSD: open=0, high=0, low=0, close=0, vol=534125659.80322
[2026-02-20 03:07:01.017802600 -05:00] Invalid OHLC for SHIBUSD: open=0, high=0, low=0, close=0, vol=26373545.95325
[2026-02-20 03:09:27.506920100 -05:00] Invalid OHLC for SHIBUSD: open=0, high=0, low=0, close=0, vol=1591500
[2026-02-20 03:09:27.615900900 -05:00] Invalid OHLC for SHIBUSD: open=0, high=0, low=0, close=0, vol=1591555.97178
[2m2026-02-20 03:10:23 -05:00[0m [31mERROR[0m [2mtrading_bot_rs::monitor[0m[2m:[0m [2msrc\monitor.rs[0m[2m:[0m Failed to update remaining quantities after sell order OHU73D-XX5LD-QLBU2J for INJUSD: Trade TUTU5L-Z25RV-KDWSYU not found for INJUSD
[2026-02-20 03:16:24.991352700 -05:00] Invalid OHLC for SHIBUSD: open=0, high=0, low=0, close=0, vol=65216826.5
[2026-02-20 03:18:24.564463400 -05:00] Invalid OHLC for SHIBUSD: open=0, high=0, low=0, close=0, vol=18619442
[2026-02-20 03:18:59.982324300 -05:00] Invalid OHLC for SHIBUSD: open=0, high=0, low=0, close=0, vol=5137985
[2026-02-20 03:19:23.961354700 -05:00] Invalid OHLC for SHIBUSD: open=0, high=0, low=0, close=0, vol=9613521.822
[2026-02-20 03:19:25.326708600 -05:00] Invalid OHLC for SHIBUSD: open=0, high=0, low=0, close=0, vol=14089058.644
[2026-02-20 03:19:25.433056600 -05:00] Invalid OHLC for SHIBUSD: open=0, high=0, low=0, close=0, vol=18564595.466
[2026-02-20 03:19:25.622084400 -05:00] Invalid OHLC for SHIBUSD: open=0, high=0, low=0, close=0, vol=23040132.288
[2026-02-20 03:19:25.729170400 -05:00] Invalid OHLC for SHIBUSD: open=0, high=0, low=0, close=0, vol=27515669.11
[2026-02-20 03:19:25.840811 -05:00] Invalid OHLC for SHIBUSD: open=0, high=0, low=0, close=0, vol=31991205.932
[2026-02-20 03:19:25.932484400 -05:00] Invalid OHLC for SHIBUSD: open=0, high=0, low=0, close=0, vol=36466742.754
[2026-02-20 03:19:26.041011500 -05:00] Invalid OHLC for SHIBUSD: open=0, high=0, low=0, close=0, vol=40942279.576
[2026-02-20 03:19:26.133440600 -05:00] Invalid OHLC for SHIBUSD: open=0, high=0, low=0, close=0, vol=45417816.398
[2026-02-20 03:19:26.241997900 -05:00] Invalid OHLC for SHIBUSD: open=0, high=0, low=0, close=0, vol=49893353.22
[2026-02-20 03:19:26.409406700 -05:00] Invalid OHLC for SHIBUSD: open=0, high=0, low=0, close=0, vol=54368890.042
[2026-02-20 03:19:26.614032800 -05:00] Invalid OHLC for SHIBUSD: open=0, high=0, low=0, close=0, vol=58844426.864
[2026-02-20 03:19:26.720820900 -05:00] Invalid OHLC for SHIBUSD: open=0, high=0, low=0, close=0, vol=63319963.686
[2026-02-20 03:19:26.831632500 -05:00] Invalid OHLC for SHIBUSD: open=0, high=0, low=0, close=0, vol=67795500.508
[2026-02-20 03:19:26.939311400 -05:00] Invalid OHLC for SHIBUSD: open=0, high=0, low=0, close=0, vol=72271037.33
[2026-02-20 03:19:27.029101400 -05:00] Invalid OHLC for SHIBUSD: open=0, high=0, low=0, close=0, vol=76746574.152
[2026-02-20 03:19:27.139113800 -05:00] Invalid OHLC for SHIBUSD: open=0, high=0, low=0, close=0, vol=81222110.974
[2026-02-20 03:19:27.240900300 -05:00] Invalid OHLC for SHIBUSD: open=0, high=0, low=0, close=0, vol=85697647.796
[2026-02-20 03:19:27.331655800 -05:00] Invalid OHLC for SHIBUSD: open=0, high=0, low=0, close=0, vol=90173184.618
[2026-02-20 03:19:27.510644500 -05:00] Invalid OHLC for SHIBUSD: open=0, high=0, low=0, close=0, vol=94648721.44
[2026-02-20 03:19:27.738270600 -05:00] Invalid OHLC for SHIBUSD: open=0, high=0, low=0, close=0, vol=99124258.262
[2026-02-20 03:19:41.212715800 -05:00] Invalid OHLC for SHIBUSD: open=0, high=0, low=0, close=0, vol=100050587.78474
[2026-02-20 03:20:12.963823300 -05:00] Invalid OHLC for SHIBUSD: open=0, high=0, low=0, close=0, vol=921612174.87336
[2026-02-20 03:20:13.072725200 -05:00] Invalid OHLC for SHIBUSD: open=0, high=0, low=0, close=0, vol=1017996057.15236
[2026-02-20 03:20:17.200786800 -05:00] Invalid OHLC for SHIBUSD: open=0, high=0, low=0, close=0, vol=1019111451.15236
[2026-02-20 03:20:17.800753900 -05:00] Invalid OHLC for SHIBUSD: open=0, high=0, low=0, close=0, vol=1020226845.15236
[2026-02-20 03:20:18.417171300 -05:00] Invalid OHLC for SHIBUSD: open=0, high=0, low=0, close=0, vol=1021342239.15236
[2026-02-20 03:20:20.531307700 -05:00] Invalid OHLC for SHIBUSD: open=0, high=0, low=0, close=0, vol=1115160170.88336
[2026-02-20 03:20:20.701577400 -05:00] Invalid OHLC for SHIBUSD: open=0, high=0, low=0, close=0, vol=1117166688.93631
[2026-02-20 03:20:26.617201400 -05:00] Invalid OHLC for SHIBUSD: open=0, high=0, low=0, close=0, vol=1213870252.41731
[2026-02-20 03:20:28.257448300 -05:00] Invalid OHLC for SHIBUSD: open=0, high=0, low=0, close=0, vol=1215221926.72026
[2026-02-20 03:20:30.264629500 -05:00] Invalid OHLC for SHIBUSD: open=0, high=0, low=0, close=0, vol=1311925490.20126
[2026-02-20 03:20:36.795514200 -05:00] Invalid OHLC for SHIBUSD: open=0, high=0, low=0, close=0, vol=1313277164.50421
[2026-02-20 03:20:45.610289300 -05:00] Invalid OHLC for SHIBUSD: open=0, high=0, low=0, close=0, vol=1405029069.52821
[2026-02-20 03:20:47.349186300 -05:00] Invalid OHLC for SHIBUSD: open=0, high=0, low=0, close=0, vol=1470399228.05084
[2026-02-20 03:20:47.456629200 -05:00] Invalid OHLC for SHIBUSD: open=0, high=0, low=0, close=0, vol=1471990728.05084
[2026-02-20 03:21:30.049488500 -05:00] Invalid OHLC for SHIBUSD: open=0, high=0, low=0, close=0, vol=11455804
[2026-02-20 03:21:31.108820600 -05:00] Invalid OHLC for SHIBUSD: open=0, high=0, low=0, close=0, vol=11866588
[2026-02-20 03:22:33.234614400 -05:00] Invalid OHLC for SHIBUSD: open=0, high=0, low=0, close=0, vol=1942588.84362
[2026-02-20 03:22:41.035010700 -05:00] Invalid OHLC for SHIBUSD: open=0, high=0, low=0, close=0, vol=99997826.62757
[2026-02-20 03:22:41.355725200 -05:00] Invalid OHLC for SHIBUSD: open=0, high=0, low=0, close=0, vol=165214653.12757
[2026-02-20 03:22:41.431760400 -05:00] Invalid OHLC for SHIBUSD: open=0, high=0, low=0, close=0, vol=305772153.12757
[2026-02-20 03:23:43.932609900 -05:00] Invalid OHLC for SHIBUSD: open=0, high=0, low=0, close=0, vol=500000000
[2026-02-20 03:23:44.048286400 -05:00] Invalid OHLC for SHIBUSD: open=0, high=0, low=0, close=0, vol=565370158.52263
[2026-02-20 03:24:22.352787600 -05:00] Invalid OHLC for SHIBUSD: open=0, high=0, low=0, close=0, vol=3600000
[2m2026-02-20 03:25:32 -05:00[0m [31mERROR[0m [2mtrading_bot_rs::websocket[0m[2m:[0m [2msrc\websocket.rs[0m[2m:[0m Public WS error: IO error: An existing connection was forcibly closed by the remote host. (os error 10054)
[2m2026-02-20 03:25:32 -05:00[0m [31mERROR[0m [2mtrading_bot_rs::websocket[0m[2m:[0m [2msrc\websocket.rs[0m[2m:[0m Private WS error: IO error: An existing connection was forcibly closed by the remote host. (os error 10054)
[2026-02-20 03:26:19.704828300 -05:00] Public subs not fully confirmed after 5 polls (ohlc: true, ticker: false)
[2026-02-20 03:26:19.897924300 -05:00] Invalid OHLC for SHIBUSD: open=0, high=0, low=0, close=0, vol=95261713.39892
[2026-02-20 03:26:20.006036 -05:00] Invalid OHLC for SHIBUSD: open=0, high=0, low=0, close=0, vol=193316951.18287
[2026-02-20 03:26:20.110915300 -05:00] Invalid OHLC for SHIBUSD: open=0, high=0, low=0, close=0, vol=291372188.96682
[2026-02-20 03:26:22.629735800 -05:00] Invalid OHLC for SHIBUSD: open=0, high=0, low=0, close=0, vol=389427426.75077
[2026-02-20 03:27:13.416682 -05:00] Invalid OHLC for SHIBUSD: open=0, high=0, low=0, close=0, vol=2058211.98995
[2026-02-20 03:27:16.002732800 -05:00] Invalid OHLC for SHIBUSD: open=0, high=0, low=0, close=0, vol=100113449.7739
[2026-02-20 03:27:22.190402200 -05:00] Invalid OHLC for SHIBUSD: open=0, high=0, low=0, close=0, vol=102118943.06818
[2026-02-20 03:27:22.315026500 -05:00] Invalid OHLC for SHIBUSD: open=0, high=0, low=0, close=0, vol=104047096.14458
[2026-02-20 03:27:22.429344 -05:00] Invalid OHLC for SHIBUSD: open=0, high=0, low=0, close=0, vol=106021708.91649
[2026-02-20 03:27:27.299226200 -05:00] Invalid OHLC for SHIBUSD: open=0, high=0, low=0, close=0, vol=108078840.61621
[2026-02-20 03:27:27.412557100 -05:00] Invalid OHLC for SHIBUSD: open=0, high=0, low=0, close=0, vol=110115709.14961
[2026-02-20 03:27:27.680510100 -05:00] Invalid OHLC for SHIBUSD: open=0, high=0, low=0, close=0, vol=112115694.67868
[2026-02-20 03:27:27.790075500 -05:00] Invalid OHLC for SHIBUSD: open=0, high=0, low=0, close=0, vol=114030216.06342
[2026-02-20 03:27:28.106285800 -05:00] Invalid OHLC for SHIBUSD: open=0, high=0, low=0, close=0, vol=116078022.38897
[2026-02-20 03:27:28.215023400 -05:00] Invalid OHLC for SHIBUSD: open=0, high=0, low=0, close=0, vol=117988467.26803
[2026-02-20 03:27:28.326603200 -05:00] Invalid OHLC for SHIBUSD: open=0, high=0, low=0, close=0, vol=119937105.58986
[2026-02-20 03:27:28.654593400 -05:00] Invalid OHLC for SHIBUSD: open=0, high=0, low=0, close=0, vol=121902802.74695
[2026-02-20 03:27:29.370558400 -05:00] Invalid OHLC for SHIBUSD: open=0, high=0, low=0, close=0, vol=123881117.85963
[2026-02-20 03:27:30.525687300 -05:00] Invalid OHLC for SHIBUSD: open=0, high=0, low=0, close=0, vol=125872955.85834
[2026-02-20 03:27:30.712333 -05:00] Invalid OHLC for SHIBUSD: open=0, high=0, low=0, close=0, vol=127875869.15987
[2026-02-20 03:27:31.041583700 -05:00] Invalid OHLC for SHIBUSD: open=0, high=0, low=0, close=0, vol=129794428.86168
[2026-02-20 03:27:31.753711800 -05:00] Invalid OHLC for SHIBUSD: open=0, high=0, low=0, close=0, vol=131808925.19388
[2026-02-20 03:27:32.083349400 -05:00] Invalid OHLC for SHIBUSD: open=0, high=0, low=0, close=0, vol=133732257.49296
[2026-02-20 03:27:35.548817800 -05:00] Invalid OHLC for SHIBUSD: open=0, high=0, low=0, close=0, vol=135644927.44013
[2026-02-20 03:29:29.127438 -05:00] Invalid OHLC for SHIBUSD: open=0, high=0, low=0, close=0, vol=1115394
[2026-02-20 03:29:29.724486900 -05:00] Invalid OHLC for SHIBUSD: open=0, high=0, low=0, close=0, vol=2230788
[2026-02-20 03:30:40.345620800 -05:00] Invalid OHLC for SHIBUSD: open=0, high=0, low=0, close=0, vol=1030061040.65464
[2026-02-20 03:30:55.004333600 -05:00] Invalid OHLC for SHIBUSD: open=0, high=0, low=0, close=0, vol=1031176434.65464
[2026-02-20 03:31:45.745755900 -05:00] Invalid OHLC for SHIBUSD: open=0, high=0, low=0, close=0, vol=207815.90563
[2026-02-20 03:32:09.786041800 -05:00] Invalid OHLC for SHIBUSD: open=0, high=0, low=0, close=0, vol=85500000
[2026-02-20 03:32:09.889587300 -05:00] Invalid OHLC for SHIBUSD: open=0, high=0, low=0, close=0, vol=617510103.54135
[2026-02-20 03:33:13.552004500 -05:00] Invalid OHLC for SHIBUSD: open=0, high=0, low=0, close=0, vol=98055237.78395
[2026-02-20 03:33:14.848131600 -05:00] Invalid OHLC for SHIBUSD: open=0, high=0, low=0, close=0, vol=190031218.53895
[2026-02-20 03:33:15.014708900 -05:00] Invalid OHLC for SHIBUSD: open=0, high=0, low=0, close=0, vol=196110475.5679
[2026-02-20 03:34:25.901761500 -05:00] Invalid OHLC for SHIBUSD: open=0, high=0, low=0, close=0, vol=88357845.039
[2026-02-20 03:35:53.640500 -05:00] Invalid OHLC for SHIBUSD: open=0, high=0, low=0, close=0, vol=98055237.78395
[2026-02-20 03:36:30.900536300 -05:00] Invalid OHLC for SHIBUSD: open=0, high=0, low=0, close=0, vol=1904116.62783
[2026-02-20 03:36:35.984921200 -05:00] Invalid OHLC for SHIBUSD: open=0, high=0, low=0, close=0, vol=58904116.62783
[2026-02-20 03:36:36.096861300 -05:00] Invalid OHLC for SHIBUSD: open=0, high=0, low=0, close=0, vol=87404116.62783
[2026-02-20 03:36:36.175590500 -05:00] Invalid OHLC for SHIBUSD: open=0, high=0, low=0, close=0, vol=115904116.62783
[2026-02-20 03:36:36.255564 -05:00] Invalid OHLC for SHIBUSD: open=0, high=0, low=0, close=0, vol=172904116.62783
[2026-02-20 03:36:36.363016900 -05:00] Invalid OHLC for SHIBUSD: open=0, high=0, low=0, close=0, vol=201404116.62783
[2026-02-20 03:37:00.451730400 -05:00] Invalid OHLC for SHIBUSD: open=0, high=0, low=0, close=0, vol=98055237.78395
[2026-02-20 03:37:50.145972300 -05:00] Invalid OHLC for SHIBUSD: open=0, high=0, low=0, close=0, vol=190809822.75295
[2026-02-20 03:38:26.382351400 -05:00] Invalid OHLC for SHIBUSD: open=0, high=0, low=0, close=0, vol=97031235.974
[2026-02-20 03:38:32.132963200 -05:00] Invalid OHLC for SHIBUSD: open=0, high=0, low=0, close=0, vol=98055237.78395
[2026-02-20 03:39:01.895415300 -05:00] Invalid OHLC for SHIBUSD: open=0, high=0, low=0, close=0, vol=2108107
[2026-02-20 03:39:04.530541100 -05:00] Invalid OHLC for SHIBUSD: open=0, high=0, low=0, close=0, vol=2564178
[2026-02-20 03:43:17.036742100 -05:00] Invalid OHLC for SHIBUSD: open=0, high=0, low=0, close=0, vol=936025529.64297
[2026-02-20 03:48:26.692092600 -05:00] Invalid OHLC for SHIBUSD: open=0, high=0, low=0, close=0, vol=19841269.84127
[2026-02-20 03:55:48.415476700 -05:00] Invalid OHLC for SHIBUSD: open=0, high=0, low=0, close=0, vol=168601.25066
[2026-02-20 03:58:44.624050600 -05:00] Invalid OHLC for SHIBUSD: open=0, high=0, low=0, close=0, vol=182158.73015
[2026-02-20 04:02:03.600002500 -05:00] Invalid OHLC for SHIBUSD: open=0, high=0, low=0, close=0, vol=1046732
[2026-02-20 04:12:09.315914400 -05:00] Invalid OHLC for SHIBUSD: open=0, high=0, low=0, close=0, vol=825659
[2026-02-20 04:14:06.087444600 -05:00] Invalid OHLC for SHIBUSD: open=0, high=0, low=0, close=0, vol=19000000
[2026-02-20 04:14:11.112008500 -05:00] Invalid OHLC for SHIBUSD: open=0, high=0, low=0, close=0, vol=220739323
[2026-02-20 04:14:30.344298700 -05:00] Invalid OHLC for SHIBUSD: open=0, high=0, low=0, close=0, vol=221498210
[2026-02-20 04:17:51.021341100 -05:00] Invalid OHLC for SHIBUSD: open=0, high=0, low=0, close=0, vol=3643054
[2026-02-20 04:18:57.611400900 -05:00] Invalid OHLC for SHIBUSD: open=0, high=0, low=0, close=0, vol=15177731
[2m2026-02-20 04:23:34 -05:00[0m [31mERROR[0m [2mtrading_bot_rs::monitor[0m[2m:[0m [2msrc\monitor.rs[0m[2m:[0m Failed to update remaining quantities after sell order O2LLTT-CREQ7-EORME3 for INJUSD: Trade TRMW4A-KKM45-2IU55Z not found for INJUSD
[2026-02-20 04:23:48.263606600 -05:00] Invalid OHLC for SHIBUSD: open=0, high=0, low=0, close=0, vol=1836063
[2m2026-02-20 04:26:42 -05:00[0m [31mERROR[0m [2mtrading_bot_rs::monitor[0m[2m:[0m [2msrc\monitor.rs[0m[2m:[0m Failed to update remaining quantities after sell order OZAF6J-GVCMB-PEPKYB for INJUSD: Trade TB3DCA-MZJT6-3PFJQL not found for INJUSD
[2026-02-20 04:30:43.088887200 -05:00] Invalid OHLC for SHIBUSD: open=0, high=0, low=0, close=0, vol=3711729
[2026-02-20 04:37:07.491326 -05:00] Invalid OHLC for SHIBUSD: open=0, high=0, low=0, close=0, vol=2683544.3038
[2026-02-20 04:40:00.201338700 -05:00] Invalid OHLC for SHIBUSD: open=0, high=0, low=0, close=0, vol=985232.71875
[2026-02-20 04:41:44.632511100 -05:00] Invalid OHLC for SHIBUSD: open=0, high=0, low=0, close=0, vol=1024513
[2026-02-20 04:46:41.534897900 -05:00] Invalid OHLC for SHIBUSD: open=0, high=0, low=0, close=0, vol=22500000
[2026-02-20 04:47:40.775197600 -05:00] Invalid OHLC for SHIBUSD: open=0, high=0, low=0, close=0, vol=2309101
[2026-02-20 04:52:43.226969100 -05:00] Invalid OHLC for SHIBUSD: open=0, high=0, low=0, close=0, vol=241726
[2026-02-20 04:53:05.071609600 -05:00] Invalid OHLC for SHIBUSD: open=0, high=0, low=0, close=0, vol=152018
[2026-02-20 05:05:01.548657700 -05:00] Invalid OHLC for SHIBUSD: open=0, high=0, low=0, close=0, vol=206732198
[2026-02-20 05:05:21.232218200 -05:00] Invalid OHLC for SHIBUSD: open=0, high=0, low=0, close=0, vol=218665372.22435
[2026-02-20 05:06:27.387691400 -05:00] Invalid OHLC for SHIBUSD: open=0, high=0, low=0, close=0, vol=3018323.15271
[2026-02-20 05:06:51.649694800 -05:00] Invalid OHLC for SHIBUSD: open=0, high=0, low=0, close=0, vol=3287967.15271
[2026-02-20 05:07:56.336169500 -05:00] Invalid OHLC for SHIBUSD: open=0, high=0, low=0, close=0, vol=3035546
[2m2026-02-20 05:11:21 -05:00[0m [31mERROR[0m [2mtrading_bot_rs::monitor[0m[2m:[0m [2msrc\monitor.rs[0m[2m:[0m Failed to update remaining quantities after sell order OXFN5L-W6USO-XLVZ3O for INJUSD: Trade TKWKYI-GEE2Q-W3XYW3 not found for INJUSD
[2026-02-20 05:13:17.521054400 -05:00] Invalid OHLC for SHIBUSD: open=0, high=0, low=0, close=0, vol=11261643
[2026-02-20 05:16:13.564609200 -05:00] Invalid OHLC for SHIBUSD: open=0, high=0, low=0, close=0, vol=5512552
[2026-02-20 05:19:06.955931300 -05:00] Invalid OHLC for SHIBUSD: open=0, high=0, low=0, close=0, vol=20403166
[2026-02-20 05:23:18.223315300 -05:00] Invalid OHLC for SHIBUSD: open=0, high=0, low=0, close=0, vol=1564137
[2026-02-20 05:31:56.795082200 -05:00] Invalid OHLC for SHIBUSD: open=0, high=0, low=0, close=0, vol=788644
[2026-02-20 05:33:28.426251800 -05:00] Invalid OHLC for SHIBUSD: open=0, high=0, low=0, close=0, vol=329549.24863
[2026-02-20 05:33:32.455441700 -05:00] Invalid OHLC for SHIBUSD: open=0, high=0, low=0, close=0, vol=615038.20762
[2m2026-02-20 05:34:29 -05:00[0m [31mERROR[0m [2mtrading_bot_rs::websocket[0m[2m:[0m [2msrc\websocket.rs[0m[2m:[0m Private WS error: IO error: An existing connection was forcibly closed by the remote host. (os error 10054)
[2026-02-20 05:34:40.873217600 -05:00] Invalid OHLC for SHIBUSD: open=0, high=0, low=0, close=0, vol=6309148.26498
[2026-02-20 05:37:56.789816800 -05:00] Invalid OHLC for SHIBUSD: open=0, high=0, low=0, close=0, vol=408363
[2026-02-20 05:38:18.663261700 -05:00] Invalid OHLC for SHIBUSD: open=0, high=0, low=0, close=0, vol=10038956
[2026-02-20 05:39:11.217823 -05:00] Invalid OHLC for SHIBUSD: open=0, high=0, low=0, close=0, vol=1171742
[2026-02-20 05:39:57.435570700 -05:00] Invalid OHLC for SHIBUSD: open=0, high=0, low=0, close=0, vol=5557011
[2m2026-02-20 05:41:15 -05:00[0m [31mERROR[0m [2mtrading_bot_rs::monitor[0m[2m:[0m [2msrc\monitor.rs[0m[2m:[0m Failed to update remaining quantities after sell order O4XSH7-WYIFP-L26YK7 for INJUSD: Trade TB2ANJ-IBNGB-XSTVJD not found for INJUSD
[2026-02-20 05:44:59.521586800 -05:00] Invalid OHLC for SHIBUSD: open=0, high=0, low=0, close=0, vol=1363838
[2026-02-20 05:48:29.120069700 -05:00] Invalid OHLC for SHIBUSD: open=0, high=0, low=0, close=0, vol=401453843.63208
[2026-02-20 05:48:29.171830 -05:00] Invalid OHLC for SHIBUSD: open=0, high=0, low=0, close=0, vol=405053843.63208
[2026-02-20 05:49:06.895073 -05:00] Invalid OHLC for SHIBUSD: open=0, high=0, low=0, close=0, vol=3843345
[2026-02-20 05:49:18.751000600 -05:00] Invalid OHLC for SHIBUSD: open=0, high=0, low=0, close=0, vol=4867503.44833
[2026-02-20 05:49:33.052089 -05:00] Invalid OHLC for SHIBUSD: open=0, high=0, low=0, close=0, vol=20715363.98716
[2m2026-02-20 05:50:59 -05:00[0m [31mERROR[0m [2mtrading_bot_rs::monitor[0m[2m:[0m [2msrc\monitor.rs[0m[2m:[0m Failed to update remaining quantities after sell order OSQV3V-5JQ2Q-TT6HK7 for INJUSD: Trade T6XS2Z-OBLWX-P6TA3O not found for INJUSD
[2m2026-02-20 05:51:07 -05:00[0m [31mERROR[0m [2mtrading_bot_rs::monitor[0m[2m:[0m [2msrc\monitor.rs[0m[2m:[0m Failed to update remaining quantities after sell order OGA7TW-66AMY-VZKUO3 for INJUSD: Trade TRMJUI-4KZAP-ODES2W not found for INJUSD
[2m2026-02-20 05:51:07 -05:00[0m [31mERROR[0m [2mtrading_bot_rs::monitor[0m[2m:[0m [2msrc\monitor.rs[0m[2m:[0m Failed to update remaining quantities after sell order ODVV7G-MVKZB-SRPBU5 for INJUSD: Trade TL4RZ6-F75ST-YQOVLT not found for INJUSD
[2026-02-20 05:51:08.736247900 -05:00] Invalid OHLC for SHIBUSD: open=0, high=0, low=0, close=0, vol=1500000
[2026-02-20 05:51:40.937765800 -05:00] Invalid OHLC for SHIBUSD: open=0, high=0, low=0, close=0, vol=2922153
[2026-02-20 05:55:42.155600500 -05:00] Invalid OHLC for SHIBUSD: open=0, high=0, low=0, close=0, vol=49490000
[2026-02-20 05:55:46.375861 -05:00] Invalid OHLC for SHIBUSD: open=0, high=0, low=0, close=0, vol=419990000
[2026-02-20 05:55:46.427879200 -05:00] Invalid OHLC for SHIBUSD: open=0, high=0, low=0, close=0, vol=448490000
[2026-02-20 05:55:46.511893 -05:00] Invalid OHLC for SHIBUSD: open=0, high=0, low=0, close=0, vol=647990000
[2026-02-20 05:55:46.630406200 -05:00] Invalid OHLC for SHIBUSD: open=0, high=0, low=0, close=0, vol=704990000
[2026-02-20 05:55:46.708652800 -05:00] Invalid OHLC for SHIBUSD: open=0, high=0, low=0, close=0, vol=761990000
[2026-02-20 05:55:46.755357 -05:00] Invalid OHLC for SHIBUSD: open=0, high=0, low=0, close=0, vol=860045237.78395
[2026-02-20 05:56:45.289904900 -05:00] Invalid OHLC for SHIBUSD: open=0, high=0, low=0, close=0, vol=1582278.48101
[2026-02-20 05:56:45.401743700 -05:00] Invalid OHLC for SHIBUSD: open=0, high=0, low=0, close=0, vol=3164556.96202
[2026-02-20 06:01:18.075011800 -05:00] Invalid OHLC for SHIBUSD: open=0, high=0, low=0, close=0, vol=2505207.32907
[2m2026-02-20 06:07:40 -05:00[0m [31mERROR[0m [2mtrading_bot_rs::monitor[0m[2m:[0m [2msrc\monitor.rs[0m[2m:[0m Failed to update remaining quantities after sell order OCQVAN-Z4TKD-TSQ3FE for INJUSD: Trade TXZDQD-ZLLVU-PSYQRU not found for INJUSD
[2m2026-02-20 06:07:41 -05:00[0m [31mERROR[0m [2mtrading_bot_rs::monitor[0m[2m:[0m [2msrc\monitor.rs[0m[2m:[0m Failed to update remaining quantities after sell order OGLY3Y-KO3IG-6LCEXX for INJUSD: Trade TE4JTP-7CH5N-FUSONM not found for INJUSD
[2m2026-02-20 06:08:10 -05:00[0m [31mERROR[0m [2mtrading_bot_rs::monitor[0m[2m:[0m [2msrc\monitor.rs[0m[2m:[0m Failed to update remaining quantities after sell order OGV5BO-WGTOJ-YTM46G for INJUSD: Trade TKLHCG-LEURG-JJZFU7 not found for INJUSD
[2m2026-02-20 06:08:12 -05:00[0m [31mERROR[0m [2mtrading_bot_rs::monitor[0m[2m:[0m [2msrc\monitor.rs[0m[2m:[0m Failed to update remaining quantities after sell order OIXDI5-UKB2Z-HXEHRB for INJUSD: Trade THEWKK-NOYYC-NMERSL not found for INJUSD
[2026-02-20 06:10:47.494889700 -05:00] Invalid OHLC for SHIBUSD: open=0, high=0, low=0, close=0, vol=1525692
[2026-02-20 06:11:43.544712 -05:00] Invalid OHLC for SHIBUSD: open=0, high=0, low=0, close=0, vol=814415008.46332
[2026-02-20 06:11:43.730977200 -05:00] Invalid OHLC for SHIBUSD: open=0, high=0, low=0, close=0, vol=1622310587.62083
[2026-02-20 06:11:50.720596700 -05:00] Invalid OHLC for SHIBUSD: open=0, high=0, low=0, close=0, vol=2078310587.62083
[2026-02-20 06:11:50.834130200 -05:00] Invalid OHLC for SHIBUSD: open=0, high=0, low=0, close=0, vol=2163810587.62083
[2026-02-20 06:11:50.912813200 -05:00] Invalid OHLC for SHIBUSD: open=0, high=0, low=0, close=0, vol=2399034665.08108
[2026-02-20 06:15:28.172883 -05:00] Invalid OHLC for SHIBUSD: open=0, high=0, low=0, close=0, vol=693741
[2026-02-20 06:18:19.084036700 -05:00] Invalid OHLC for SHIBUSD: open=0, high=0, low=0, close=0, vol=229923.40247
[2026-02-20 06:20:56.511690700 -05:00] Invalid OHLC for SHIBUSD: open=0, high=0, low=0, close=0, vol=3050024
[2026-02-20 06:21:45.344151400 -05:00] Invalid OHLC for SHIBUSD: open=0, high=0, low=0, close=0, vol=1118496
[2026-02-20 06:24:44.707810400 -05:00] Invalid OHLC for SHIBUSD: open=0, high=0, low=0, close=0, vol=7643879.17329
[2026-02-20 06:28:56.238827400 -05:00] Invalid OHLC for SHIBUSD: open=0, high=0, low=0, close=0, vol=693741
[2026-02-20 06:30:38.807905500 -05:00] Invalid OHLC for SHIBUSD: open=0, high=0, low=0, close=0, vol=7487290
[2026-02-20 06:31:10.129599500 -05:00] Invalid OHLC for SHIBUSD: open=0, high=0, low=0, close=0, vol=15073655
[2026-02-20 06:31:13.871057400 -05:00] Invalid OHLC for SHIBUSD: open=0, high=0, low=0, close=0, vol=20348475
[2026-02-20 06:32:29.215068500 -05:00] Invalid OHLC for SHIBUSD: open=0, high=0, low=0, close=0, vol=817084.24677
[2026-02-20 06:34:47.748723500 -05:00] Invalid OHLC for SHIBUSD: open=0, high=0, low=0, close=0, vol=9171701.11287
[2026-02-20 06:39:02.370553400 -05:00] Invalid OHLC for SHIBUSD: open=0, high=0, low=0, close=0, vol=3953895.07154
[2026-02-20 06:44:32.823838500 -05:00] Invalid OHLC for SHIBUSD: open=0, high=0, low=0, close=0, vol=1116427.43221
[2026-02-20 06:49:07.941102600 -05:00] Invalid OHLC for SHIBUSD: open=0, high=0, low=0, close=0, vol=5222594
[2026-02-20 06:52:37.187391100 -05:00] Invalid OHLC for SHIBUSD: open=0, high=0, low=0, close=0, vol=305488
[2026-02-20 06:54:30.763251700 -05:00] Invalid OHLC for SHIBUSD: open=0, high=0, low=0, close=0, vol=7711170
[2026-02-20 07:02:39.803295 -05:00] Invalid OHLC for SHIBUSD: open=0, high=0, low=0, close=0, vol=7637202
[2026-02-20 07:03:37.929906200 -05:00] Invalid OHLC for SHIBUSD: open=0, high=0, low=0, close=0, vol=2109357
[2026-02-20 07:04:30.511278600 -05:00] Invalid OHLC for SHIBUSD: open=0, high=0, low=0, close=0, vol=2141947
[2026-02-20 07:05:38.092463700 -05:00] Invalid OHLC for SHIBUSD: open=0, high=0, low=0, close=0, vol=1533185
[2026-02-20 07:06:54.276112700 -05:00] Invalid OHLC for SHIBUSD: open=0, high=0, low=0, close=0, vol=1363092.61084
[2026-02-20 07:08:59.411028 -05:00] Invalid OHLC for SHIBUSD: open=0, high=0, low=0, close=0, vol=2906765
[2026-02-20 07:10:44.441803 -05:00] Invalid OHLC for SHIBUSD: open=0, high=0, low=0, close=0, vol=1700090
[2026-02-20 07:17:22.506823800 -05:00] Invalid OHLC for SHIBUSD: open=0, high=0, low=0, close=0, vol=56744801.47018
[2026-02-20 07:18:32.227952900 -05:00] Invalid OHLC for SHIBUSD: open=0, high=0, low=0, close=0, vol=4192462.38916
[2026-02-20 07:19:05.853130700 -05:00] Invalid OHLC for SHIBUSD: open=0, high=0, low=0, close=0, vol=85500000
[2026-02-20 07:19:05.970310100 -05:00] Invalid OHLC for SHIBUSD: open=0, high=0, low=0, close=0, vol=171000000
[2026-02-20 07:22:23.257911 -05:00] Invalid OHLC for SHIBUSD: open=0, high=0, low=0, close=0, vol=677104160
[2026-02-20 07:24:25.645477 -05:00] Invalid OHLC for SHIBUSD: open=0, high=0, low=0, close=0, vol=287511.96172
[2026-02-20 07:30:02.265253900 -05:00] Invalid OHLC for SHIBUSD: open=0, high=0, low=0, close=0, vol=7000000
[2026-02-20 07:32:42.397754600 -05:00] Invalid OHLC for SHIBUSD: open=0, high=0, low=0, close=0, vol=12667316
[2026-02-20 07:33:42.741954100 -05:00] Invalid OHLC for SHIBUSD: open=0, high=0, low=0, close=0, vol=1502901
[2026-02-20 07:33:52.237229200 -05:00] Invalid OHLC for SHIBUSD: open=0, high=0, low=0, close=0, vol=5248141.22025
[2026-02-20 07:36:56.842610300 -05:00] Invalid OHLC for SHIBUSD: open=0, high=0, low=0, close=0, vol=1563624
[2026-02-20 07:51:20.070859 -05:00] Invalid OHLC for SHIBUSD: open=0, high=0, low=0, close=0, vol=38246914
[2026-02-20 07:55:27.987785700 -05:00] Invalid OHLC for SHIBUSD: open=0, high=0, low=0, close=0, vol=3947763
[2026-02-20 08:00:57.166883700 -05:00] Invalid OHLC for SHIBUSD: open=0, high=0, low=0, close=0, vol=20000000
[2026-02-20 08:00:59.331326 -05:00] Invalid OHLC for SHIBUSD: open=0, high=0, low=0, close=0, vol=22906765
[2026-02-20 08:01:30.336457100 -05:00] Invalid OHLC for SHIBUSD: open=0, high=0, low=0, close=0, vol=1532320
[2026-02-20 08:04:36.780220600 -05:00] Invalid OHLC for SHIBUSD: open=0, high=0, low=0, close=0, vol=1571326
[2026-02-20 08:04:37.395363700 -05:00] Invalid OHLC for SHIBUSD: open=0, high=0, low=0, close=0, vol=1945559
[2026-02-20 08:05:13.677239700 -05:00] Invalid OHLC for SHIBUSD: open=0, high=0, low=0, close=0, vol=988794
[2026-02-20 08:06:17.294367800 -05:00] Invalid OHLC for SHIBUSD: open=0, high=0, low=0, close=0, vol=1022463
[2026-02-20 08:06:50.879676500 -05:00] Invalid OHLC for SHIBUSD: open=0, high=0, low=0, close=0, vol=2564697
[2026-02-20 08:10:48.290652500 -05:00] Invalid OHLC for SHIBUSD: open=0, high=0, low=0, close=0, vol=7300233
[2026-02-20 08:12:52.669361500 -05:00] Invalid OHLC for SHIBUSD: open=0, high=0, low=0, close=0, vol=1099394
[2026-02-20 08:16:38.423939900 -05:00] Invalid OHLC for SHIBUSD: open=0, high=0, low=0, close=0, vol=19958581
[2026-02-20 08:17:16.227118 -05:00] Invalid OHLC for SHIBUSD: open=0, high=0, low=0, close=0, vol=12255968
[2026-02-20 08:18:36.123157500 -05:00] Invalid OHLC for SHIBUSD: open=0, high=0, low=0, close=0, vol=10601651
[2026-02-20 08:23:34.113388600 -05:00] Invalid OHLC for SHIBUSD: open=0, high=0, low=0, close=0, vol=159925.9188
[2026-02-20 08:25:15.922620 -05:00] Invalid OHLC for SHIBUSD: open=0, high=0, low=0, close=0, vol=65370158.52263
[2026-02-20 08:25:38.978079800 -05:00] Invalid OHLC for SHIBUSD: open=0, high=0, low=0, close=0, vol=68431465.52263
[2026-02-20 08:25:41.577401700 -05:00] Invalid OHLC for SHIBUSD: open=0, high=0, low=0, close=0, vol=69911087.52263
[2026-02-20 08:31:45.602649100 -05:00] Invalid OHLC for SHIBUSD: open=0, high=0, low=0, close=0, vol=44473502.14
[2026-02-20 08:31:46.226009400 -05:00] Invalid OHLC for SHIBUSD: open=0, high=0, low=0, close=0, vol=49296774.19355
[2026-02-20 08:35:04.301603400 -05:00] Invalid OHLC for SHIBUSD: open=0, high=0, low=0, close=0, vol=15500857.18405
[2026-02-20 08:35:07.394685400 -05:00] Invalid OHLC for SHIBUSD: open=0, high=0, low=0, close=0, vol=187699620.41977
[2026-02-20 08:35:18.449441500 -05:00] Invalid OHLC for SHIBUSD: open=0, high=0, low=0, close=0, vol=254865167.04195
[2026-02-20 08:35:55.888213300 -05:00] Invalid OHLC for SHIBUSD: open=0, high=0, low=0, close=0, vol=285411790.83616
[2m2026-02-20 08:36:15 -05:00[0m [31mERROR[0m [2mtrading_bot_rs::monitor[0m[2m:[0m [2msrc\monitor.rs[0m[2m:[0m Failed to update remaining quantities after sell order OA5WHV-XEHBB-VYR6FK for SOLUSD: Trade TR3EQ3-O5Z6U-XJWD7T not found for SOLUSD
[2m2026-02-20 08:36:29 -05:00[0m [31mERROR[0m [2mtrading_bot_rs::monitor[0m[2m:[0m [2msrc\monitor.rs[0m[2m:[0m Failed to update remaining quantities after sell order O2K3UY-RBNUX-DOIIJJ for LINKUSD: Trade TMQ7XZ-FYCLL-CD54NE not found for LINKUSD
[2026-02-20 08:39:00.479058400 -05:00] Invalid OHLC for SHIBUSD: open=0, high=0, low=0, close=0, vol=249774.4987
[2026-02-20 08:39:57.477238700 -05:00] Invalid OHLC for SHIBUSD: open=0, high=0, low=0, close=0, vol=2153891.12653
[2026-02-20 08:41:20.792896900 -05:00] Invalid OHLC for SHIBUSD: open=0, high=0, low=0, close=0, vol=65370158.52263
[2026-02-20 08:41:20.903458500 -05:00] Invalid OHLC for SHIBUSD: open=0, high=0, low=0, close=0, vol=93870158.52263
[2026-02-20 08:41:20.985021800 -05:00] Invalid OHLC for SHIBUSD: open=0, high=0, low=0, close=0, vol=122370158.52263
[2026-02-20 08:41:21.064309 -05:00] Invalid OHLC for SHIBUSD: open=0, high=0, low=0, close=0, vol=150870158.52263
[2026-02-20 08:41:21.145736300 -05:00] Invalid OHLC for SHIBUSD: open=0, high=0, low=0, close=0, vol=179370158.52263
[2026-02-20 08:41:21.231950400 -05:00] Invalid OHLC for SHIBUSD: open=0, high=0, low=0, close=0, vol=207870158.52263
[2m2026-02-20 08:41:31 -05:00[0m [31mERROR[0m [2mtrading_bot_rs::monitor[0m[2m:[0m [2msrc\monitor.rs[0m[2m:[0m Failed to update remaining quantities after sell order O3KJLS-2Q7WR-OMENM6 for DOTUSD: Trade TKLLN2-US7VN-JFIHSP not found for DOTUSD
[2026-02-20 08:41:32.774653300 -05:00] Invalid OHLC for SHIBUSD: open=0, high=0, low=0, close=0, vol=236370158.52263
[2026-02-20 08:41:32.856220500 -05:00] Invalid OHLC for SHIBUSD: open=0, high=0, low=0, close=0, vol=239124858.52263
[2026-02-20 08:41:37.017570100 -05:00] Invalid OHLC for SHIBUSD: open=0, high=0, low=0, close=0, vol=239784756.52263
[2026-02-20 08:47:25.669388300 -05:00] Invalid OHLC for SHIBUSD: open=0, high=0, low=0, close=0, vol=6000000
[2026-02-20 08:50:10.637828200 -05:00] Invalid OHLC for SHIBUSD: open=0, high=0, low=0, close=0, vol=3094299
[2026-02-20 08:50:22.543481100 -05:00] Invalid OHLC for SHIBUSD: open=0, high=0, low=0, close=0, vol=18924333
[2m2026-02-20 08:53:42 -05:00[0m [31mERROR[0m [2mtrading_bot_rs::websocket[0m[2m:[0m [2msrc\websocket.rs[0m[2m:[0m Failed to update remaining quantities after WS sell trade T4KRUB-DB3AH-3LFIFE: Trade THCTSY-KTTYZ-22YLGK not found for DOTUSD
[2m2026-02-20 08:53:45 -05:00[0m [31mERROR[0m [2mtrading_bot_rs::websocket[0m[2m:[0m [2msrc\websocket.rs[0m[2m:[0m Failed to update remaining quantities after WS sell trade TKGUXE-4X4WG-UZ65Q2: Trade THCTSY-KTTYZ-22YLGK not found for DOTUSD
[2m2026-02-20 08:54:04 -05:00[0m [31mERROR[0m [2mtrading_bot_rs::monitor[0m[2m:[0m [2msrc\monitor.rs[0m[2m:[0m Failed to update remaining quantities after sell order OYCOE4-DRTK3-FMJYX2 for DOTUSD: Trade THCTSY-KTTYZ-22YLGK not found for DOTUSD
[2026-02-20 08:54:42.284168200 -05:00] Invalid OHLC for SHIBUSD: open=0, high=0, low=0, close=0, vol=1458388
[2026-02-20 08:58:32.163573900 -05:00] Invalid OHLC for SHIBUSD: open=0, high=0, low=0, close=0, vol=101132508
[2026-02-20 09:00:00.207686 -05:00] Invalid OHLC for SHIBUSD: open=0, high=0, low=0, close=0, vol=3178134
[2026-02-20 09:03:44.155270 -05:00] Invalid OHLC for SHIBUSD: open=0, high=0, low=0, close=0, vol=803858.5209
[2026-02-20 09:04:07.205763400 -05:00] Invalid OHLC for SHIBUSD: open=0, high=0, low=0, close=0, vol=2207000
[2026-02-20 09:04:08.806763700 -05:00] Invalid OHLC for SHIBUSD: open=0, high=0, low=0, close=0, vol=3652018
[2026-02-20 09:04:11.134998600 -05:00] Invalid OHLC for SHIBUSD: open=0, high=0, low=0, close=0, vol=4314801.73117
[2026-02-20 09:05:47.141563900 -05:00] Invalid OHLC for SHIBUSD: open=0, high=0, low=0, close=0, vol=1037626
[2026-02-20 09:13:16.691600900 -05:00] Invalid OHLC for SHIBUSD: open=0, high=0, low=0, close=0, vol=256240106.76329
[2026-02-20 09:14:22.590889100 -05:00] Invalid OHLC for SHIBUSD: open=0, high=0, low=0, close=0, vol=10135406
[2026-02-20 09:16:44.950808100 -05:00] Invalid OHLC for SHIBUSD: open=0, high=0, low=0, close=0, vol=4524215
[2026-02-20 09:17:55.671984200 -05:00] Invalid OHLC for SHIBUSD: open=0, high=0, low=0, close=0, vol=313354.73515
[2026-02-20 09:20:07.276727200 -05:00] Invalid OHLC for SHIBUSD: open=0, high=0, low=0, close=0, vol=24280536
[2026-02-20 09:23:47.135251300 -05:00] Invalid OHLC for SHIBUSD: open=0, high=0, low=0, close=0, vol=3069544
[2026-02-20 09:24:26.847417900 -05:00] Invalid OHLC for SHIBUSD: open=0, high=0, low=0, close=0, vol=12776109
[2026-02-20 09:29:50.271649400 -05:00] Invalid OHLC for SHIBUSD: open=0, high=0, low=0, close=0, vol=184173
[2026-02-20 09:31:32.104274500 -05:00] Invalid OHLC for SHIBUSD: open=0, high=0, low=0, close=0, vol=11777240
[2026-02-20 09:31:42.388011600 -05:00] Invalid OHLC for SHIBUSD: open=0, high=0, low=0, close=0, vol=15537204
[2m2026-02-20 09:31:45 -05:00[0m [31mERROR[0m [2mtrading_bot_rs::monitor[0m[2m:[0m [2msrc\monitor.rs[0m[2m:[0m Failed to update remaining quantities after sell order OLYI7V-YUXX7-ZBYTV3 for ATOMUSD: Trade TZX7KP-VMKCM-SEXKVH not found for ATOMUSD
[2026-02-20 09:33:03.436898 -05:00] Invalid OHLC for SHIBUSD: open=0, high=0, low=0, close=0, vol=3365231.25996
[2026-02-20 09:33:45.634931100 -05:00] Invalid OHLC for SHIBUSD: open=0, high=0, low=0, close=0, vol=4907465.25996
[2m2026-02-20 09:34:21 -05:00[0m [31mERROR[0m [2mtrading_bot_rs::monitor[0m[2m:[0m [2msrc\monitor.rs[0m[2m:[0m Failed to update remaining quantities after sell order O7KW7W-6EP4A-RDP3ZX for ATOMUSD: Trade TZ2IHT-MAPXC-CTB4SJ not found for ATOMUSD
[2m2026-02-20 09:34:31 -05:00[0m [31mERROR[0m [2mtrading_bot_rs::monitor[0m[2m:[0m [2msrc\monitor.rs[0m[2m:[0m Failed to update remaining quantities after sell order ORBUZF-MIRFO-5FWGSY for ATOMUSD: Trade T4KTLN-VGRSR-YDWEQT not found for ATOMUSD
[2026-02-20 09:36:00.686169500 -05:00] Invalid OHLC for SHIBUSD: open=0, high=0, low=0, close=0, vol=25000000
[2026-02-20 09:39:01.954825500 -05:00] Invalid OHLC for SHIBUSD: open=0, high=0, low=0, close=0, vol=1100000
[2026-02-20 09:40:05.303169300 -05:00] Invalid OHLC for SHIBUSD: open=0, high=0, low=0, close=0, vol=36357811
[2026-02-20 09:40:16.094510100 -05:00] Invalid OHLC for SHIBUSD: open=0, high=0, low=0, close=0, vol=41918191
[2026-02-20 09:40:43.048574500 -05:00] Invalid OHLC for SHIBUSD: open=0, high=0, low=0, close=0, vol=43497704.66446
[2026-02-20 09:40:46.931102900 -05:00] Invalid OHLC for SHIBUSD: open=0, high=0, low=0, close=0, vol=44163013.01869
[2m2026-02-20 09:41:04 -05:00[0m [31mERROR[0m [2mtrading_bot_rs::monitor[0m[2m:[0m [2msrc\monitor.rs[0m[2m:[0m Failed to update remaining quantities after sell order OTM5AE-ZKXRC-K7K73T for ATOMUSD: Trade TZIWXV-XD2VF-CZS2OQ not found for ATOMUSD
[2026-02-20 09:41:25.099998700 -05:00] Invalid OHLC for SHIBUSD: open=0, high=0, low=0, close=0, vol=7350540.54054
[2026-02-20 09:42:04.758246400 -05:00] Invalid OHLC for SHIBUSD: open=0, high=0, low=0, close=0, vol=7461267
[2026-02-20 09:42:18.369306400 -05:00] Invalid OHLC for SHIBUSD: open=0, high=0, low=0, close=0, vol=57461267
[2026-02-20 09:42:40.238175400 -05:00] Invalid OHLC for SHIBUSD: open=0, high=0, low=0, close=0, vol=58983858
[2026-02-20 09:44:12.699609300 -05:00] Invalid OHLC for SHIBUSD: open=0, high=0, low=0, close=0, vol=1112877584.64709
[2026-02-20 09:45:41.086677100 -05:00] Invalid OHLC for SHIBUSD: open=0, high=0, low=0, close=0, vol=4500000
[2026-02-20 09:47:10.432774500 -05:00] Invalid OHLC for SHIBUSD: open=0, high=0, low=0, close=0, vol=80369426.11702
[2026-02-20 09:50:13.907980300 -05:00] Invalid OHLC for SHIBUSD: open=0, high=0, low=0, close=0, vol=2000000
[2026-02-20 09:51:02.683141100 -05:00] Invalid OHLC for SHIBUSD: open=0, high=0, low=0, close=0, vol=3823901
[2026-02-20 09:52:36.524454400 -05:00] Invalid OHLC for SHIBUSD: open=0, high=0, low=0, close=0, vol=1398539
[2026-02-20 09:54:04.370677700 -05:00] Invalid OHLC for SHIBUSD: open=0, high=0, low=0, close=0, vol=10600776
[2026-02-20 09:54:30.525157500 -05:00] Invalid OHLC for SHIBUSD: open=0, high=0, low=0, close=0, vol=21723483
[2026-02-20 09:59:21.213538200 -05:00] Invalid OHLC for SHIBUSD: open=0, high=0, low=0, close=0, vol=2055289
[2026-02-20 09:59:58.654832400 -05:00] Invalid OHLC for SHIBUSD: open=0, high=0, low=0, close=0, vol=2233934
[2026-02-20 10:00:47.458473600 -05:00] Invalid OHLC for SHIBUSD: open=0, high=0, low=0, close=0, vol=30213736
[2026-02-20 10:00:56.754544500 -05:00] Invalid OHLC for SHIBUSD: open=0, high=0, low=0, close=0, vol=37663160
[2026-02-20 10:01:11.859780800 -05:00] Invalid OHLC for SHIBUSD: open=0, high=0, low=0, close=0, vol=28500000
[2026-02-20 10:01:11.973302700 -05:00] Invalid OHLC for SHIBUSD: open=0, high=0, low=0, close=0, vol=57000000
[2026-02-20 10:01:13.105372700 -05:00] Invalid OHLC for SHIBUSD: open=0, high=0, low=0, close=0, vol=59707983.40398
[2026-02-20 10:01:13.653740800 -05:00] Invalid OHLC for SHIBUSD: open=0, high=0, low=0, close=0, vol=850406309.87425
[2026-02-20 10:01:13.769520600 -05:00] Invalid OHLC for SHIBUSD: open=0, high=0, low=0, close=0, vol=876151609.87425
[2026-02-20 10:01:13.875272600 -05:00] Invalid OHLC for SHIBUSD: open=0, high=0, low=0, close=0, vol=961651609.87425
[2026-02-20 10:01:13.985641500 -05:00] Invalid OHLC for SHIBUSD: open=0, high=0, low=0, close=0, vol=1018651609.87425
[2026-02-20 10:01:14.101611 -05:00] Invalid OHLC for SHIBUSD: open=0, high=0, low=0, close=0, vol=1104151609.87425
[2026-02-20 10:01:14.212640100 -05:00] Invalid OHLC for SHIBUSD: open=0, high=0, low=0, close=0, vol=1243292440.18431
[2026-02-20 10:01:15.335148400 -05:00] Invalid OHLC for SHIBUSD: open=0, high=0, low=0, close=0, vol=2074815670.14688
[2026-02-20 10:01:18.280047500 -05:00] Invalid OHLC for SHIBUSD: open=0, high=0, low=0, close=0, vol=2076078032.3516
[2026-02-20 10:01:24.333577900 -05:00] Invalid OHLC for SHIBUSD: open=0, high=0, low=0, close=0, vol=2086755032.3516
[2026-02-20 10:01:25.612297500 -05:00] Invalid OHLC for SHIBUSD: open=0, high=0, low=0, close=0, vol=2086755096.66115
[2m2026-02-20 10:01:34 -05:00[0m [31mERROR[0m [2mtrading_bot_rs::monitor[0m[2m:[0m [2msrc\monitor.rs[0m[2m:[0m Failed to update remaining quantities after sell order OWT4X5-M5OZZ-2SV7LS for SOLUSD: Trade T6GAGJ-US47H-NP5UVE not found for SOLUSD
[2026-02-20 10:01:52.645546500 -05:00] Invalid OHLC for SHIBUSD: open=0, high=0, low=0, close=0, vol=2103096664.13879
[2026-02-20 10:01:54.293005700 -05:00] Invalid OHLC for SHIBUSD: open=0, high=0, low=0, close=0, vol=2103669662.56893
[2026-02-20 10:02:00.648654700 -05:00] Invalid OHLC for SHIBUSD: open=0, high=0, low=0, close=0, vol=1821875
[2026-02-20 10:02:01.186700200 -05:00] Invalid OHLC for SHIBUSD: open=0, high=0, low=0, close=0, vol=3240589.68563
[2m2026-02-20 10:02:05 -05:00[0m [31mERROR[0m [2mtrading_bot_rs::monitor[0m[2m:[0m [2msrc\monitor.rs[0m[2m:[0m Failed to update remaining quantities after sell order ONDKMD-GREA6-SQJUPR for SOLUSD: Trade TUEVET-UI6UU-N7PFI5 not found for SOLUSD
[2026-02-20 10:02:06.577145 -05:00] Invalid OHLC for SHIBUSD: open=0, high=0, low=0, close=0, vol=6393237.6607
[2m2026-02-20 10:02:06 -05:00[0m [31mERROR[0m [2mtrading_bot_rs::monitor[0m[2m:[0m [2msrc\monitor.rs[0m[2m:[0m Failed to update remaining quantities after sell order O2N5V5-WQDQQ-6JIRPZ for SOLUSD: Trade TKXG5G-VFBPB-K5JSZU not found for SOLUSD
[2026-02-20 10:02:12.679056300 -05:00] Invalid OHLC for SHIBUSD: open=0, high=0, low=0, close=0, vol=7817809.97796
[2026-02-20 10:02:13.113796900 -05:00] Invalid OHLC for SHIBUSD: open=0, high=0, low=0, close=0, vol=10588416.50984
[2026-02-20 10:02:15.544908300 -05:00] Invalid OHLC for SHIBUSD: open=0, high=0, low=0, close=0, vol=21265416.50984
[2026-02-20 10:02:15.655978800 -05:00] Invalid OHLC for SHIBUSD: open=0, high=0, low=0, close=0, vol=49765416.50984
[2026-02-20 10:02:15.737165100 -05:00] Invalid OHLC for SHIBUSD: open=0, high=0, low=0, close=0, vol=78265416.50984
[2026-02-20 10:02:15.854443400 -05:00] Invalid OHLC for SHIBUSD: open=0, high=0, low=0, close=0, vol=106765416.50984
[2026-02-20 10:02:15.936474200 -05:00] Invalid OHLC for SHIBUSD: open=0, high=0, low=0, close=0, vol=163765416.50984
[2026-02-20 10:02:16.018389900 -05:00] Invalid OHLC for SHIBUSD: open=0, high=0, low=0, close=0, vol=220765416.50984
[2026-02-20 10:02:16.101911 -05:00] Invalid OHLC for SHIBUSD: open=0, high=0, low=0, close=0, vol=249265416.50984
[2026-02-20 10:02:28.160469 -05:00] Invalid OHLC for SHIBUSD: open=0, high=0, low=0, close=0, vol=298129902.49115
[2026-02-20 10:02:33.231669700 -05:00] Invalid OHLC for SHIBUSD: open=0, high=0, low=0, close=0, vol=323129902.49115
[2026-02-20 10:02:35.226992500 -05:00] Invalid OHLC for SHIBUSD: open=0, high=0, low=0, close=0, vol=339588166.03009
[2026-02-20 10:03:25.948941200 -05:00] Invalid OHLC for SHIBUSD: open=0, high=0, low=0, close=0, vol=201739323
[2026-02-20 10:03:28.405165300 -05:00] Invalid OHLC for SHIBUSD: open=0, high=0, low=0, close=0, vol=532764362.12363
[2026-02-20 10:03:34.496666 -05:00] Invalid OHLC for SHIBUSD: open=0, high=0, low=0, close=0, vol=536676662.12363
[2026-02-20 10:03:34.612022400 -05:00] Invalid OHLC for SHIBUSD: open=0, high=0, low=0, close=0, vol=536676725.19092
[2026-02-20 10:07:13.019934600 -05:00] Invalid OHLC for SHIBUSD: open=0, high=0, low=0, close=0, vol=160000
[2026-02-20 10:07:20.145745200 -05:00] Invalid OHLC for SHIBUSD: open=0, high=0, low=0, close=0, vol=11962839.56986
[2026-02-20 10:07:22.346602100 -05:00] Invalid OHLC for SHIBUSD: open=0, high=0, low=0, close=0, vol=13585205.85835
[2026-02-20 10:07:25.238935100 -05:00] Invalid OHLC for SHIBUSD: open=0, high=0, low=0, close=0, vol=156632692.03663
[2026-02-20 10:07:38.655737800 -05:00] Invalid OHLC for SHIBUSD: open=0, high=0, low=0, close=0, vol=157955669.72399
[2026-02-20 10:08:25.708426 -05:00] Invalid OHLC for SHIBUSD: open=0, high=0, low=0, close=0, vol=1012651.05004
[2026-02-20 10:10:08.781585300 -05:00] Invalid OHLC for SHIBUSD: open=0, high=0, low=0, close=0, vol=3031371
[2026-02-20 10:11:08.898380600 -05:00] Invalid OHLC for SHIBUSD: open=0, high=0, low=0, close=0, vol=254081250
[2026-02-20 10:11:29.651578200 -05:00] Invalid OHLC for SHIBUSD: open=0, high=0, low=0, close=0, vol=266478053.09369
[2026-02-20 10:11:44.287431 -05:00] Invalid OHLC for SHIBUSD: open=0, high=0, low=0, close=0, vol=294351851.50422
[2026-02-20 10:12:47.205404800 -05:00] Invalid OHLC for SHIBUSD: open=0, high=0, low=0, close=0, vol=78541722.98474
[2026-02-20 10:14:15.472453100 -05:00] Invalid OHLC for SHIBUSD: open=0, high=0, low=0, close=0, vol=332813
[2026-02-20 10:15:23.914805 -05:00] Invalid OHLC for SHIBUSD: open=0, high=0, low=0, close=0, vol=13354135.92233
[2026-02-20 10:15:52.209502400 -05:00] Invalid OHLC for SHIBUSD: open=0, high=0, low=0, close=0, vol=13617977.92233
[2026-02-20 10:15:58.346935600 -05:00] Invalid OHLC for SHIBUSD: open=0, high=0, low=0, close=0, vol=14302150.92233
[2026-02-20 10:16:30.634327600 -05:00] Invalid OHLC for SHIBUSD: open=0, high=0, low=0, close=0, vol=2643423
[2026-02-20 10:21:10.649187300 -05:00] Invalid OHLC for SHIBUSD: open=0, high=0, low=0, close=0, vol=4702194.35737
[2026-02-20 10:21:49.305820600 -05:00] Invalid OHLC for SHIBUSD: open=0, high=0, low=0, close=0, vol=8626794.35737
[2026-02-20 10:22:24.142408900 -05:00] Invalid OHLC for SHIBUSD: open=0, high=0, low=0, close=0, vol=329518
[2m2026-02-20 10:22:28 -05:00[0m [31mERROR[0m [2mtrading_bot_rs[0m[2m:[0m [2msrc\main.rs[0m[2m:[0m Failed to send UpdateOhlc for LINKUSD
[2m2026-02-20 10:22:28 -05:00[0m [31mERROR[0m [2mtrading_bot_rs[0m[2m:[0m [2msrc\main.rs[0m[2m:[0m Failed to update price for LINKUSD: channel closed
[2m2026-02-20 10:22:28 -05:00[0m [31mERROR[0m [2mtrading_bot_rs[0m[2m:[0m [2msrc\main.rs[0m[2m:[0m Failed to send UpdateOhlc for DOTUSD
[2m2026-02-20 10:22:29 -05:00[0m [31mERROR[0m [2mtrading_bot_rs[0m[2m:[0m [2msrc\main.rs[0m[2m:[0m Failed to update price for DOTUSD: channel closed
[2m2026-02-20 10:22:29 -05:00[0m [31mERROR[0m [2mtrading_bot_rs[0m[2m:[0m [2msrc\main.rs[0m[2m:[0m Failed to send UpdateOhlc for DOTUSD
[2m2026-02-20 10:22:29 -05:00[0m [31mERROR[0m [2mtrading_bot_rs[0m[2m:[0m [2msrc\main.rs[0m[2m:[0m Failed to update price for DOTUSD: channel closed
[2m2026-02-20 10:22:30 -05:00[0m [31mERROR[0m [2mtrading_bot_rs[0m[2m:[0m [2msrc\main.rs[0m[2m:[0m Price processing task completed
